
> colabwize@0.1.0 build
> cross-env CI=false craco build

Creating an optimized production build...
Compiled with warnings.

[eslint] 
src\components\editor\DocumentEditor.tsx
  Line 851:6:  React Hook useEffect has a missing dependency: 'project'. Either include it or remove the dependency array  react-hooks/exhaustive-deps

src\components\editor\EditorWorkspacePage.tsx
  Line 321:9:  The 'openPanel' function makes the dependencies of useEffect Hook (at line 558) change on every render. To fix this, wrap the definition of 'openPanel' in its own useCallback() Hook  react-hooks/exhaustive-deps

src\components\editor\adapters\CitationAuditAdapter.tsx
  Line 5:10:  'useToast' is defined but never used  @typescript-eslint/no-unused-vars

src\components\export\ExportWorkflowModal.tsx
  Line 14:3:    'AlertTriangle' is defined but never used                                                                                                                                                                                                                                          @typescript-eslint/no-unused-vars
  Line 15:3:    'FileSearch' is defined but never used                                                                                                                                                                                                                                             @typescript-eslint/no-unused-vars
  Line 23:10:   'CitationStyleDialog' is defined but never used                                                                                                                                                                                                                                    @typescript-eslint/no-unused-vars
  Line 54:10:   'auditStarted' is assigned a value but never used                                                                                                                                                                                                                                  @typescript-eslint/no-unused-vars
  Line 59:10:   'exportMode' is assigned a value but never used                                                                                                                                                                                                                                    @typescript-eslint/no-unused-vars
  Line 59:22:   'setExportMode' is assigned a value but never used                                                                                                                                                                                                                                 @typescript-eslint/no-unused-vars
  Line 61:10:   'isStyleDialogOpen' is assigned a value but never used                                                                                                                                                                                                                             @typescript-eslint/no-unused-vars
  Line 61:29:   'setIsStyleDialogOpen' is assigned a value but never used                                                                                                                                                                                                                          @typescript-eslint/no-unused-vars
  Line 67:10:   'isAuditing' is assigned a value but never used                                                                                                                                                                                                                                    @typescript-eslint/no-unused-vars
  Line 69:26:   'setCitationPolicy' is assigned a value but never used                                                                                                                                                                                                                             @typescript-eslint/no-unused-vars
  Line 74:10:   'showAllIssues' is assigned a value but never used                                                                                                                                                                                                                                 @typescript-eslint/no-unused-vars
  Line 74:25:   'setShowAllIssues' is assigned a value but never used                                                                                                                                                                                                                              @typescript-eslint/no-unused-vars
  Line 135:6:   React Hook useEffect has a missing dependency: 'project.title'. Either include it or remove the dependency array. If 'setDocumentTitle' needs the current value of 'project.title', you can also switch to useReducer instead of useState and read 'project.title' in the reducer  react-hooks/exhaustive-deps
  Line 239:5:   React Hook React.useCallback has missing dependencies: 'project.citation_style' and 'project.id'. Either include them or remove the dependency array                                                                                                                               react-hooks/exhaustive-deps
  Line 242:9:   'performAudit' is assigned a value but never used                                                                                                                                                                                                                                  @typescript-eslint/no-unused-vars
  Line 304:6:   React Hook React.useCallback has an unnecessary dependency: 'project.citation_style'. Either exclude it or remove the dependency array                                                                                                                                             react-hooks/exhaustive-deps
  Line 549:9:   'handleNavigateToIssue' is assigned a value but never used                                                                                                                                                                                                                         @typescript-eslint/no-unused-vars
  Line 897:35:  'author' is assigned a value but never used                                                                                                                                                                                                                                        @typescript-eslint/no-unused-vars

src\components\pdf-chat\[pdfId]\page.tsx
  Line 3:27:  'useRef' is defined but never used  @typescript-eslint/no-unused-vars

src\components\research\ResearchChatSidebar.tsx
  Line 201:9:  The 'handleSend' function makes the dependencies of useEffect Hook (at line 294) change on every render. To fix this, wrap the definition of 'handleSend' in its own useCallback() Hook  react-hooks/exhaustive-deps

src\components\settings\Profile.tsx
  Line 39:21:  'setOtpMethod' is assigned a value but never used  @typescript-eslint/no-unused-vars

src\components\workspace\CustomFieldsSection.tsx
  Line 4:42:  'ChevronRight' is defined but never used                                                                            @typescript-eslint/no-unused-vars
  Line 8:3:   'TaskCustomFieldValue' is defined but never used                                                                    @typescript-eslint/no-unused-vars
  Line 47:6:  React Hook useEffect has a missing dependency: 'loadDefinitions'. Either include it or remove the dependency array  react-hooks/exhaustive-deps

src\components\workspace\RecentTasksDropdown.tsx
  Line 2:19:  'Clock' is defined but never used  @typescript-eslint/no-unused-vars

src\components\workspace\files\FilesPage.tsx
  Line 49:9:   'currentUserName' is assigned a value but never used                                                           @typescript-eslint/no-unused-vars
  Line 67:10:  'isSavingAnnotations' is assigned a value but never used                                                       @typescript-eslint/no-unused-vars
  Line 121:6:  React Hook useEffect has a missing dependency: 'fetchFiles'. Either include it or remove the dependency array  react-hooks/exhaustive-deps

src\components\workspace\kanban\page.tsx
  Line 95:29:   'permissionsLoading' is assigned a value but never used                                                                                                                       @typescript-eslint/no-unused-vars
  Line 211:6:   React Hook useEffect has missing dependencies: 'loadLabels', 'loadMembers', 'loadProjects', 'loadTasks', and 'loadViews'. Either include them or remove the dependency array  react-hooks/exhaustive-deps
  Line 284:15:  'today' is assigned a value but never used                                                                                                                                    @typescript-eslint/no-unused-vars
  Line 362:9:   'needsReorder' is assigned a value but never used                                                                                                                             @typescript-eslint/no-unused-vars
  Line 592:9:   'handleOpenLibrary' is assigned a value but never used                                                                                                                        @typescript-eslint/no-unused-vars

src\components\workspace\notifications\NotificationsPage.tsx
  Line 99:6:  React Hook useEffect has a missing dependency: 'fetchNotifications'. Either include it or remove the dependency array  react-hooks/exhaustive-deps

src\components\workspace\overview\OnlineMembers.tsx
  Line 11:26:  'isConnected' is assigned a value but never used  @typescript-eslint/no-unused-vars

src\components\workspace\overview\WorkspaceOverview.tsx
  Line 19:3:   'CardDescription' is defined but never used                                                                       @typescript-eslint/no-unused-vars
  Line 46:33:  'authLoading' is assigned a value but never used                                                                  @typescript-eslint/no-unused-vars
  Line 70:6:   React Hook useEffect has a missing dependency: 'fetchOverview'. Either include it or remove the dependency array  react-hooks/exhaustive-deps

src\components\workspace\projects\page.tsx
  Line 119:9:  'handleProjectCreate' is assigned a value but never used  @typescript-eslint/no-unused-vars

src\components\workspace\tasks\TaskTemplateCards.tsx
  Line 11:3:  'Star' is defined but never used  @typescript-eslint/no-unused-vars

src\components\workspace\team\LabelSelector.tsx
  Line 4:24:  'ChevronDown' is defined but never used  @typescript-eslint/no-unused-vars

src\components\workspace\team\MemberList.tsx
  Line 5:10:  'Badge' is defined but never used  @typescript-eslint/no-unused-vars

src\components\workspace\team\SortableTask.tsx
  Line 8:3:    'Calendar' is defined but never used            @typescript-eslint/no-unused-vars
  Line 16:10:  'format' is defined but never used              @typescript-eslint/no-unused-vars
  Line 55:9:   'isOverdue' is assigned a value but never used  @typescript-eslint/no-unused-vars
  Line 57:9:   'isDueSoon' is assigned a value but never used  @typescript-eslint/no-unused-vars

src\components\workspace\team\SubtaskSection.tsx
  Line 8:3:  'GripVertical' is defined but never used  @typescript-eslint/no-unused-vars

src\extensions\CitationScannerExtension.ts
  Line 86:73:   Unnecessary escape character: \.  no-useless-escape
  Line 157:32:  Unnecessary escape character: \[  no-useless-escape
  Line 158:33:  Unnecessary escape character: \-  no-useless-escape
  Line 228:42:  Unnecessary escape character: \[  no-useless-escape

src\pages\seo\AIFalsePositiveSEO.tsx
  Line 7:5:  'ArrowRight' is defined but never used   @typescript-eslint/no-unused-vars
  Line 8:5:  'ShieldCheck' is defined but never used  @typescript-eslint/no-unused-vars
  Line 9:5:  'History' is defined but never used      @typescript-eslint/no-unused-vars

src\pages\seo\AcademicIntegrityGuide.tsx
  Line 4:43:  'Users' is defined but never used  @typescript-eslint/no-unused-vars

src\pages\seo\AcademicIntegrityHub.tsx
  Line 7:5:   'BookOpen' is defined but never used       @typescript-eslint/no-unused-vars
  Line 12:5:  'MessageSquare' is defined but never used  @typescript-eslint/no-unused-vars

src\pages\seo\CheckCredibilitySEO.tsx
  Line 5:5:  'ShieldCheck' is defined but never used    @typescript-eslint/no-unused-vars
  Line 7:5:  'AlertTriangle' is defined but never used  @typescript-eslint/no-unused-vars
  Line 8:5:  'ArrowRight' is defined but never used     @typescript-eslint/no-unused-vars

src\pages\seo\CitationAuditorSEO.tsx
  Line 3:54:  'FileText' is defined but never used  @typescript-eslint/no-unused-vars

src\pages\seo\CitationVerificationSEO.tsx
  Line 7:5:  'ArrowRight' is defined but never used  @typescript-eslint/no-unused-vars

src\pages\seo\CollaborateAcademicSEO.tsx
  Line 7:5:    'ArrowRight' is defined but never used    @typescript-eslint/no-unused-vars
  Line 8:5:    'CheckCircle2' is defined but never used  @typescript-eslint/no-unused-vars
  Line 11:15:  'LayoutIcon' is defined but never used    @typescript-eslint/no-unused-vars

src\pages\seo\ComparePage.tsx
  Line 6:5:   'ArrowRight' is defined but never used  @typescript-eslint/no-unused-vars
  Line 12:5:  'Zap' is defined but never used         @typescript-eslint/no-unused-vars

src\pages\seo\FalseAiAcademiaSEO.tsx
  Line 4:5:   'Shield' is defined but never used        @typescript-eslint/no-unused-vars
  Line 5:5:   'Search' is defined but never used        @typescript-eslint/no-unused-vars
  Line 6:5:   'FileWarning' is defined but never used   @typescript-eslint/no-unused-vars
  Line 7:5:   'ArrowRight' is defined but never used    @typescript-eslint/no-unused-vars
  Line 8:5:   'ShieldCheck' is defined but never used   @typescript-eslint/no-unused-vars
  Line 9:5:   'History' is defined but never used       @typescript-eslint/no-unused-vars
  Line 10:5:  'Scale' is defined but never used         @typescript-eslint/no-unused-vars
  Line 13:5:  'CheckCircle2' is defined but never used  @typescript-eslint/no-unused-vars

src\pages\seo\ProveAuthorshipSEO.tsx
  Line 3:5:   'History' is defined but never used       @typescript-eslint/no-unused-vars
  Line 6:5:   'CheckCircle2' is defined but never used  @typescript-eslint/no-unused-vars
  Line 7:5:   'FileText' is defined but never used      @typescript-eslint/no-unused-vars
  Line 11:5:  'Lock' is defined but never used          @typescript-eslint/no-unused-vars

src\pages\seo\ProvenNotAiSEO.tsx
  Line 4:5:   'History' is defined but never used       @typescript-eslint/no-unused-vars
  Line 5:5:   'SearchCheck' is defined but never used   @typescript-eslint/no-unused-vars
  Line 6:5:   'Clock' is defined but never used         @typescript-eslint/no-unused-vars
  Line 7:5:   'ArrowRight' is defined but never used    @typescript-eslint/no-unused-vars
  Line 8:5:   'CheckCircle2' is defined but never used  @typescript-eslint/no-unused-vars
  Line 9:5:   'FileText' is defined but never used      @typescript-eslint/no-unused-vars
  Line 10:5:  'HelpCircle' is defined but never used    @typescript-eslint/no-unused-vars

src\pages\seo\definitions\WhatIsAcademicIntegrity.tsx
  Line 2:18:  'BookOpen' is defined but never used  @typescript-eslint/no-unused-vars
  Line 2:28:  'Search' is defined but never used    @typescript-eslint/no-unused-vars

src\pages\seo\definitions\WhatIsAuthorshipVerification.tsx
  Line 2:19:  'Shield' is defined but never used  @typescript-eslint/no-unused-vars

src\pages\solutions\ChatWithPdfsPage.tsx
  Line 6:3:   'MessageSquareText' is defined but never used  @typescript-eslint/no-unused-vars
  Line 8:3:   'Zap' is defined but never used                @typescript-eslint/no-unused-vars
  Line 11:3:  'Layers' is defined but never used             @typescript-eslint/no-unused-vars
  Line 12:3:  'Search' is defined but never used             @typescript-eslint/no-unused-vars
  Line 14:3:  'CheckCircle2' is defined but never used       @typescript-eslint/no-unused-vars
  Line 16:3:  'Quote' is defined but never used              @typescript-eslint/no-unused-vars

src\pages\solutions\TeamWorkspacePage.tsx
  Line 9:3:   'CheckCircle2' is defined but never used  @typescript-eslint/no-unused-vars
  Line 10:3:  'Activity' is defined but never used      @typescript-eslint/no-unused-vars

src\pages\workspaces\AcceptInvitationPage.tsx
  Line 32:8:  React Hook useEffect has a missing dependency: 'acceptInvite'. Either include it or remove the dependency array  react-hooks/exhaustive-deps

src\services\exportService.js
  Line 243:50:  'value' is defined but never used  @typescript-eslint/no-unused-vars

src\services\useSupabaseUser.ts
  Line 3:10:  'getIdToken' is defined but never used  @typescript-eslint/no-unused-vars

src\services\workspaceService.ts
  Line 273:1:  Assign instance to a variable before exporting as module default  import/no-anonymous-default-export

src\services\workspaceTaskService.ts
  Line 441:1:  Assign instance to a variable before exporting as module default  import/no-anonymous-default-export

src\utils\citationFormatter.ts
  Line 176:46:  Unnecessary escape character: \.  no-useless-escape

Search for the keywords to learn more about each warning.
To ignore, add // eslint-disable-next-line to the line before.

File sizes after gzip:

  1.34 MB    build\static\js\main.561699ea.js
  128.09 kB  build\static\js\221.053d7559.chunk.js
  53.56 kB   build\static\css\main.1de2fa4f.css
  46.45 kB   build\static\js\239.778bd81f.chunk.js
  42.82 kB   build\static\js\455.c0a76b5d.chunk.js
  8.65 kB    build\static\js\977.ee393ed3.chunk.js
  2.04 kB    build\static\js\550.fcb04e2a.chunk.js
  1.76 kB    build\static\js\453.4284d60f.chunk.js
  481 B      build\static\js\929.1c4f93ed.chunk.js

The bundle size is significantly larger than recommended.
Consider reducing it with code splitting: https://goo.gl/9VhYWB
You can also analyze the project dependencies: https://goo.gl/LeUzfb

The project was built assuming it is hosted at /.
You can control this with the homepage field in your package.json.

The build folder is ready to be deployed.
You may serve it with a static server:

  serve -s build

Find out more about deployment here:

  https://cra.link/deployment

