src/components/citations/CitationAuditSidebar.tsx(1,1): error TS1185: Merge conflict marker encountered.
src/components/citations/CitationAuditSidebar.tsx(5,1): error TS1185: Merge conflict marker encountered.
src/components/citations/CitationAuditSidebar.tsx(10,1): error TS1185: Merge conflict marker encountered.
src/components/citations/CitationAuditSidebar.tsx(30,1): error TS1185: Merge conflict marker encountered.
src/components/citations/CitationAuditSidebar.tsx(370,1): error TS1185: Merge conflict marker encountered.
src/components/citations/CitationAuditSidebar.tsx(762,1): error TS1185: Merge conflict marker encountered.
src/components/editor/adapters/CitationAuditAdapter.tsx(43,1): error TS1185: Merge conflict marker encountered.
src/components/editor/adapters/CitationAuditAdapter.tsx(45,1): error TS1185: Merge conflict marker encountered.
src/components/editor/adapters/CitationAuditAdapter.tsx(47,1): error TS1185: Merge conflict marker encountered.
src/extensions/BibliographyNode.ts(2,1): error TS1185: Merge conflict marker encountered.
src/extensions/BibliographyNode.ts(4,1): error TS1185: Merge conflict marker encountered.
src/extensions/BibliographyNode.ts(5,1): error TS1185: Merge conflict marker encountered.
src/extensions/BibliographyNode.ts(84,1): error TS1185: Merge conflict marker encountered.
src/extensions/BibliographyNode.ts(131,1): error TS1185: Merge conflict marker encountered.
src/extensions/BibliographyNode.ts(135,1): error TS1185: Merge conflict marker encountered.
src/extensions/CitationLifecycleExtension.ts(44,1): error TS1185: Merge conflict marker encountered.
src/extensions/CitationLifecycleExtension.ts(55,1): error TS1185: Merge conflict marker encountered.
src/extensions/CitationLifecycleExtension.ts(64,1): error TS1185: Merge conflict marker encountered.
src/extensions/CitationLifecycleExtension.ts(96,1): error TS1185: Merge conflict marker encountered.
src/extensions/CitationLifecycleExtension.ts(139,1): error TS1185: Merge conflict marker encountered.
src/extensions/CitationLifecycleExtension.ts(140,1): error TS1185: Merge conflict marker encountered.
src/extensions/CitationNode.ts(80,1): error TS1185: Merge conflict marker encountered.
src/extensions/CitationNode.ts(85,1): error TS1185: Merge conflict marker encountered.
src/extensions/CitationNode.ts(89,1): error TS1185: Merge conflict marker encountered.
src/extensions/CitationNode.ts(105,1): error TS1185: Merge conflict marker encountered.
src/extensions/CitationNode.ts(108,1): error TS1185: Merge conflict marker encountered.
src/extensions/CitationNode.ts(109,1): error TS1185: Merge conflict marker encountered.
src/services/citationOrderManager.ts(269,1): error TS1185: Merge conflict marker encountered.
src/services/citationOrderManager.ts(282,1): error TS1185: Merge conflict marker encountered.
src/services/citationOrderManager.ts(373,1): error TS1185: Merge conflict marker encountered.
